=================================================
==                 DASHBOARD                   ==
=================================================

🕒 AGENDA DE HOJE (22/06/2025)
   [09:00 - 10:00] Aula de História - Turma 9A
   [14:00 - 15:00] Reunião Pedagógica

🔥 TAREFAS PRIORITÁRIAS
   [1] Corrigir provas (Turma 9A) (Prazo: Amanhã)
   [2] Preparar aula sobre Era Vargas (Turma 9B) (Prazo: 24/06)

🔔 NOTIFICAÇÕES
   - 5 entregas pendentes para o trabalho "Pesquisa sobre Clima" (Turma 9A).
