=================================================
==       RELATÓRIO DE PROGRESSO - TURMA 9A     ==
=================================================

MÉDIA GERAL DA TURMA (Alunos Ativos): 8.2

DESEMPENHO POR AVALIAÇÃO:
- Prova Bimestral 1 (Peso 4): Média 8.5
- Trabalho de Pesquisa (Peso 3): Média 7.8
- Apresentação Oral (Peso 3): Média 8.3

ALUNOS COM MAIOR DESEMPENHO:
1. Carla Esteves (9.1)
2. Ana Beatriz Costa (8.9)

ALUNOS QUE NECESSITAM DE ATENÇÃO:
1. Felipe Martins (6.5)
2. Laura Santos (6.8)
