TAREFAS PARA: Turma 9A

ID  | TAREFA                              | PRAZO
--- | ----------------------------------- | ----------
1   | Corrigir provas de Matemática       | 23/06/2025
2   | Planejar Aula Extra                 | 24/06/2025
5   | Lançar notas do trabalho            | 25/06/2025
